Drill report for /home/azmat/Projects/contractual/Laser-Driver-v2/Hardware/Laser-Driver-v3.kicad_pcb
Created on Thu 18 Feb 2021 10:44:33 PM GMT

Copper Layer Stackup:
    =============================================================
    L1 :  F.Cu                      front
    L2 :  In1.Cu                    in1
    L3 :  In2.Cu                    in2
    L4 :  B.Cu                      back


Drill file 'Laser-Driver-v3-PTH.drl' contains
    plated through holes:
    =============================================================
    T1  0.40mm  0.016"  (195 holes)
    T2  0.50mm  0.020"  (40 holes)
    T3  0.80mm  0.031"  (3 holes)  (with 3 slots)
    T4  1.00mm  0.039"  (12 holes)
    T5  1.10mm  0.043"  (34 holes)
    T6  1.50mm  0.059"  (3 holes)
    T7  1.52mm  0.060"  (2 holes)
    T8  1.60mm  0.063"  (16 holes)
    T9  3.20mm  0.126"  (4 holes)
    T10  3.40mm  0.134"  (4 holes)

    Total plated holes count 313


Drill file 'Laser-Driver-v3-NPTH.drl' contains
    unplated through holes:
    =============================================================

    Total unplated holes count 0
